1.创建一个空目录：
$ mkdir 目录名	-->创建空目录
$ cd 目录名	-->跳转到新建目录
$ pwd 		-->显示当前目录路径

2.初始化仓库：
$ git init	-->通过git init命令把这个目录变成Git可以管理的仓库

瞬间Git就把仓库建好了，而且告诉你是一个空的仓库（empty Git repository），
细心的读者可以发现当前目录下多了一个.git的目录，这个目录是Git来跟踪管理版本库的，
没事千万不要手动修改这个目录里面的文件，不然改乱了，就把Git仓库给破坏了。

3.显示.git的目录
$ ls -al	-->如果你没有看到.git目录，那是因为这个目录默认是隐藏的，
		用ls -al命令就可以看见

你的本地仓库由 git 维护的三棵“树型(有层级关系)区域”组成。
第一个是你的 工作目录，对应你的物理目录,树型结构，也就是编辑代码的地方，写代码的地方；
第二个是 暂存区，工作区和历史提交的中间缓存，代表需要提交的工作状态，维护虚拟树型结构,临时保存你的改动；
最后是 历史区，树型结构，历史仓库,指向你最近一次提交后的结果。
.git文件夹中包括暂存区和历史区。

4.练习
$ echo 1 > index.html   // 把1输出到新创建的index.html文件中  > 表示清空并写入
$ echo 2 >> index.html // 追2加到index.html中 >>表示在原来文件的末尾追加
$ cat index.html //查看文件内容
1
2 
一定要保存到 zfpxgit 目录下（子目录也行），因为这是一个Git仓库，放到其他地方Git再厉害也找不到这个文件

5.把文件添加到 仓库中的暂存区
$ git add index.html //把文件添加到暂存区
	warning: LF will be replaced by CRLF in index.html.
	The file will have its original line endings in your working directory.
//警告: index.html 中的 /n将会被/r/n替换掉，在原始目录中文件将保留最原始的换行符
//这个设置跟git-scm安装时的设置有关，因为在window下换行是\r\n,在linux下是\n
git add 实际上是个脚本命令，没有任何显示，说明添加成功。

6.用命令git commit告诉Git，把文件提交到仓库：
$ git commit index.html -m"在index.html中增加了 1 2"

[master (root-commit) da19241] 在index.html中增加了 1 2  
// da19241是这次提交的 commit ID,而且是在master分支上提交的
简单解释一下git commit命令，-m后面输入的是本次提交的说明，可以输入任意内容，当然最好是有意义的，这样你就能从历史记录里方便地找到改动记录。
如果你没有添加-m参数的话表示会弹出一个编辑页面，可以输入你的注释然后按esc退出编辑模式，再输入:wq!退出此编辑器。

为什么Git添加文件需要add，commit一共两步呢？因为commit可以一次提交很多文件，所以你可以多次add不同的文件

7.3大分区
工作区：在电脑里能看到的目录，工作区有一个隐藏目录.git，这个不算工作区，而是Git的版本库。
	Git的版本库里存了很多东西，其中最重要的就是称为stage（或者叫index）的暂存区，
	还有Git为我们自动创建的第一个分支master，以及指向master的一个指针叫HEAD。

8.$ git status查看一下状态
On branch master	在master分支上
Initial commit
Changes to be committed:
  (use "git rm --cached <file>..." to unstage)
        new file:   index.html
Changes not staged for commit:变化没有添加到暂缓区以供提供
  (use "git add <file>..." to update what will be committed)把文件添加到暂缓区以供提交
  (use "git checkout -- <file>..." to discard changes in working directory)	git checkout丢弃在工作区中的改动
        modified:   index.html
Untracked files:	未跟踪的文件
  (use "git add <file>..." to include in what will be committed)
        index.js
所以，git add命令实际上就是把要提交的所有修改放到暂存区（Stage），然后，执行git commit就可以一次性把暂存区的所有修改提交到分支。

9.修改index.html如下：
echo diff >> index.html

10.查看状态
git status -s 加上 -s 参数可以用精简方式
$ git status -s
AM index.html	A:绿色，暂缓区和历史区改动		M：红色，工作区和暂缓区改动
第一列绿色字母含义是：暂存区中和版本库中的文件的改动
第二列红色字母含义是：工作区和暂存区的文件改动

11.查看内容差异(查看difference)
$ git diff //查看工作区和暂存区中的文件区别
diff --git a/index.html b/index.html //比较两个index.html
index 5f5fbe7..34cbd62 100644 这个5f5fbe7是暂存区中的index.html文件 可以用 git show 5f5fbe7 查看
--- a/index.html //---代表源文件
+++ b/index.html //+++代表目标文件  
@@ -1,3 +1,4 @@ //差异按照差异区域进行组织，每个差异区域的第一行都是定位语句，由@@开头，@@结尾。
// -1,3表示差异区域从第一行开始，一共有3行，+1,4表示从第1行开始，一共有4行
 1 //空格开头的行，是源文件和目标文件中都出现的行
 2 //空格开头的行，是源文件和目标文件中都出现的行
 -3 //-开头的行，是只出现在源文件中的行
 +3  //+开头的行，是只出现在目标文件中的行
+diff 增加了一行 //+开头的行，是只出现在目标文件中的行

index.html作了什么修改后，再把它提交到仓库，提交修改和提交新文件是一样的两步，git add和git commit
注意:
  要随时掌握工作区的状态，使用git status命令。
  如果git status告诉你有文件被修改过，用git diff可以查看修改内容。
	git diff 可查看工作区和暂存区的差异。
	git diff HEAD 可查看工作区和HEAD（当前工作分支）相比的差异
	git diff --cached 可查看暂存区和历史区的差异.

提交后我们再用git status命令看看仓库的当前状态：

12.查看历史
根据git log查看历史记录，记录目录按照先后顺序排列，第一列为最新提交版本，第二列次之，以此类推。


你不断对文件进行修改，然后不断提交修改到版本库里。每当你觉得文件修改到一定程度的时候，
就可以“保存一个快照”，这个快照在Git中被称为commit。一旦你把文件改乱了，或者误删了文件，
还可以从最近的一个commit恢复，然后继续工作，而不是把几个月的工作成果全部丢失。

如果嫌输出信息太多，看得眼花缭乱的，可以试试加上--oneline参数：
$ git log --oneline
	521cb3d add diff
	728bab9 add index.js
	da19241 在index.html中增加了 1 2

你看到的一大串类似521cb3d的是commit id（版本号），和SVN不一样，Git的commit id不是1，2，3……递增的数字，
而是一个SHA1计算出来的一个非常大的数字，用十六进制表示，而且你看到的commit id和我的肯定不一样，
以你自己的为准。为什么commit id需要用这么一大串数字表示呢？因为Git是分布式的版本控制系统，
后面我们还要研究多人在同一个版本库里工作，如果大家都用1，2，3……作为版本号，那肯定就冲突了。

$ git log --graph历史的时间线

13.现在，我们要把当前版本add diff回退到上一个版本add index.js，就可以使用git reset命令：
$ git reset --hard HEAD^ //把历史区重置到上一个提交，请注意在windows的cmd下面此语句不行，\
只能在git bash下执行,windows下可以把HEAD^换成上一个 commit id
HEAD is now at 728bab9 add index.js

最新的那个版本add diff已经看不到了！好比你从21世纪坐时光穿梭机来到了19世纪，想再回去已经回不去了，肿么办？
办法其实还是有的，只要上面的命令行窗口还没有被关掉，你就可以顺着往上找啊找啊，
找到那个add diff的commit id是521cb3d9b496632b32dab77d3428598ad449b5e3，于是就可以指定回到未来的某个版本：
$ git reset --hard 521cb3d
	HEAD is now at 521cb3d add diff
版本号没必要写全，前7位就可以了，Git会自动去找。当然也不能只写前一两位，因为Git可能会找到多个版本号，就无法确定是哪一个了。

现在，你回退到了某个版本，关掉了电脑，第二天早上就后悔了，想恢复到新版本怎么办？找不到新版本的 commit id 怎么办？
在Git中，总是有后悔药可以吃的。当你用git reset --hard HEAD^回退到add index.js版本时，
再想恢复到add diff，就必须找到add diff的 commit id 。Git提供了一个命令git reflog用来记录你的每一次命令：

14.查找每一次命令
$ git reflog

HEAD 指向的版本就是当前版本，因此，Git允许我们在版本的历史之间穿梭，使用命令git reset --hard commit_id。
穿梭前，用git log可以查看提交历史，以便确定要回退到哪个版本。
要重返未来，用git reflog查看命令历史，以便确定要回到未来的哪个版本。

15.可以通过grep来过滤提交日志：
git log --oneline  --grep='index.html' 

16.git reset扩展
git reset Cmixed：此为默认方式，不带任何参数的git reset，即时这种方式，它回退到某个版本, 工作区 不变，回退历史区 和 暂存区
git reset Csoft：回退到某个版本，只回退了历史区的信息，工作区 和 暂存区 都不变
git reset Chard：彻底回退到某个版本，回退 工作区 、历史区 和 暂存区 。




